{"orientation":1,"duration":12040,"width":720,"height":576,"fps":9.8,"has_video":true,"has_audio":false}